error: enum variant is missing `category` attribute
 --> tests/derive_error_category/fail_on_uncategorized_field.rs:5:5
  |
5 |     MyError,
  |     ^^^^^^^
