error: expected any of ["expected", "critical", "pd", "defer", "unexpected"], got "invalid"
 --> tests/derive_error_category/fail_on_invalid_category.rs:5:16
  |
5 |     #[category(invalid)]
  |                ^^^^^^^
