error: attribute macro `sentry_capture_error` not supported here
 --> tests/sentry_capture_error/fail_on_const.rs:4:1
  |
4 | const FOO: &str = "str";
  | ^^^^^
