---
source: tests_integration/tests/gba_pid_test.rs
description: "BSN: 999997646"
expression: attributes
---
{
  "urn:eudi:pid:nl:1": {
    [
      "family_name",
    ]: Basic("de Vries"),
    [
      "given_name",
    ]: Basic("Jan"),
    [
      "birthdate",
    ]: Date("1935-05-05"),
    [
      "age_over_18",
    ]: Basic(true),
    [
      "bsn",
    ]: Basic("999997646"),
  },
  "urn:eudi:pid-address:nl:1": {
    [
      "address",
      "street_address",
    ]: Basic("Domstraat"),
    [
      "address",
      "house_number",
    ]: Basic("4"),
    [
      "address",
      "postal_code",
    ]: Basic("3512JB"),
    [
      "address",
      "locality",
    ]: Basic("Utrecht"),
    [
      "address",
      "country",
    ]: Basic("Nederland"),
  },
}
