---
source: tests_integration/tests/gba_pid_test.rs
assertion_line: 194
description: "BSN: 999990159"
expression: attributes
---
{
  "com.example.pid": {
    [
      "family_name",
    ]: Basic("Kortum"),
    [
      "given_name",
    ]: Basic("Niklas"),
    [
      "birth_date",
    ]: Date("1950-09-19"),
    [
      "age_over_18",
    ]: Basic(true),
    [
      "bsn",
    ]: Basic("999990159"),
  },
  "com.example.address": {
    [
      "resident_street",
    ]: Basic("Laan Copes van Cattenburch"),
    [
      "resident_house_number",
    ]: Basic("38"),
    [
      "resident_postal_code",
    ]: Basic("2585GB"),
    [
      "resident_city",
    ]: Basic("\'s-Gravenhage"),
    [
      "resident_country",
    ]: Basic("Nederland"),
  },
}
