---
source: tests_integration/tests/gba_pid_test.rs
assertion_line: 194
description: "BSN: 999991516"
expression: attributes
---
{
  "com.example.pid": {
    [
      "family_name",
    ]: Basic("Holthuizen"),
    [
      "given_name",
    ]: Basic("Karin"),
    [
      "birth_date",
    ]: Date("1945-07-01"),
    [
      "age_over_18",
    ]: Basic(true),
    [
      "bsn",
    ]: Basic("999991516"),
  },
  "com.example.address": {
    [
      "resident_street",
    ]: Basic("Eemhavenweg"),
    [
      "resident_house_number",
    ]: Basic("16"),
    [
      "resident_postal_code",
    ]: Basic("3089KG"),
    [
      "resident_city",
    ]: Basic("Rotterdam"),
    [
      "resident_country",
    ]: Basic("Nederland"),
  },
}
