---
source: tests_integration/tests/gba_pid_test.rs
description: "BSN: 010245741"
expression: attributes
---
{
  "com.example.pid": {
    [
      "family_name",
    ]: "Koolmees",
    [
      "given_name",
    ]: "Karin",
    [
      "birth_date",
    ]: "2000-10-31",
    [
      "age_over_18",
    ]: true,
    [
      "bsn",
    ]: "010245741",
  },
  "com.example.address": {
    [
      "resident_street",
    ]: "Trompenburgstraat",
    [
      "resident_house_number",
    ]: "2",
    [
      "resident_postal_code",
    ]: "1079TX",
    [
      "resident_city",
    ]: "Amsterdam",
    [
      "resident_country",
    ]: "Nederland",
  },
}
