---
source: tests_integration/tests/gba_pid_test.rs
description: "BSN: 999991772"
expression: attributes
---
{
  "com.example.pid": {
    [
      "family_name",
    ]: "Jansen",
    [
      "given_name",
    ]: "Frouke",
    [
      "birth_date",
    ]: "2000-03-24",
    [
      "age_over_18",
    ]: true,
    [
      "bsn",
    ]: "999991772",
  },
  "com.example.address": {
    [
      "resident_street",
    ]: "Groenewoudsedijk",
    [
      "resident_house_number",
    ]: "51",
    [
      "resident_postal_code",
    ]: "3528BG",
    [
      "resident_city",
    ]: "Utrecht",
    [
      "resident_country",
    ]: "Nederland",
  },
}
