---
source: tests_integration/tests/gba_pid_test.rs
description: "BSN: 999997683"
expression: attributes
---
{
  "urn:eudi:pid:nl:1": {
    [
      "family_name",
    ]: Basic("Janssen"),
    [
      "given_name",
    ]: Basic("MariÃ«lla"),
    [
      "birthdate",
    ]: Date("1972-10-24"),
    [
      "age_over_18",
    ]: Basic(true),
    [
      "bsn",
    ]: Basic("999997683"),
  },
  "urn:eudi:pid-address:nl:1": {
    [
      "address",
      "street_address",
    ]: Basic("Thorbeckelaan"),
    [
      "address",
      "house_number",
    ]: Basic("16"),
    [
      "address",
      "postal_code",
    ]: Basic("3552CS"),
    [
      "address",
      "locality",
    ]: Basic("Utrecht"),
    [
      "address",
      "country",
    ]: Basic("Nederland"),
  },
}
