---
source: tests_integration/tests/gba_pid_test.rs
assertion_line: 194
description: "BSN: 999994761"
expression: attributes
---
{
  "com.example.pid": {
    [
      "family_name",
    ]: Basic("Blok"),
    [
      "given_name",
    ]: Basic("Jean-Marie"),
    [
      "birth_date",
    ]: Date("1985-03-17"),
    [
      "age_over_18",
    ]: Basic(true),
    [
      "bsn",
    ]: Basic("999994761"),
  },
  "com.example.address": {
    [
      "resident_street",
    ]: Basic("Oostduinlaan"),
    [
      "resident_house_number",
    ]: Basic("50"),
    [
      "resident_postal_code",
    ]: Basic("2596JP"),
    [
      "resident_city",
    ]: Basic("\'s-Gravenhage"),
    [
      "resident_country",
    ]: Basic("Nederland"),
  },
}
