---
source: tests_integration/tests/gba_pid_test.rs
description: "BSN: 999997750"
expression: attributes
---
{
  "urn:eudi:pid:nl:1": {
    [
      "family_name",
    ]: Basic("Pinto"),
    [
      "given_name",
    ]: Basic("Siny Rose"),
    [
      "birthdate",
    ]: Date("1980-03-12"),
    [
      "age_over_18",
    ]: Basic(true),
    [
      "bsn",
    ]: Basic("999997750"),
  },
  "urn:eudi:pid-address:nl:1": {
    [
      "address",
      "street_address",
    ]: Basic("Eemstein"),
    [
      "address",
      "house_number",
    ]: Basic("21"),
    [
      "address",
      "postal_code",
    ]: Basic("3073KA"),
    [
      "address",
      "locality",
    ]: Basic("Rotterdam"),
    [
      "address",
      "country",
    ]: Basic("Nederland"),
  },
}
