---
source: tests_integration/tests/gba_pid_test.rs
assertion_line: 194
description: "BSN: 999991644"
expression: attributes
---
{
  "com.example.pid": {
    [
      "family_name",
    ]: Basic("Bakker"),
    [
      "given_name",
    ]: Basic("Petrus Wilhelmus Adrianus"),
    [
      "birth_date",
    ]: Date("1956-08-01"),
    [
      "age_over_18",
    ]: Basic(true),
    [
      "bsn",
    ]: Basic("999991644"),
  },
  "com.example.address": {
    [
      "resident_street",
    ]: Basic("Ruychrocklaan"),
    [
      "resident_house_number",
    ]: Basic("4"),
    [
      "resident_postal_code",
    ]: Basic("2597EN"),
    [
      "resident_city",
    ]: Basic("\'s-Gravenhage"),
    [
      "resident_country",
    ]: Basic("Nederland"),
  },
}
