---
source: tests_integration/tests/gba_pid_test.rs
description: "BSN: 000009842"
expression: attributes
---
{
  "urn:eudi:pid:nl:1": {
    [
      "family_name",
    ]: Basic("Sahakian"),
    [
      "given_name",
    ]: Basic("Artem"),
    [
      "birthdate",
    ]: Date("1993-10-08"),
    [
      "age_over_18",
    ]: Basic(true),
    [
      "bsn",
    ]: Basic("000009842"),
  },
  "urn:eudi:pid-address:nl:1": {
    [
      "address",
      "street_address",
    ]: Basic("Koningskade"),
    [
      "address",
      "house_number",
    ]: Basic("4"),
    [
      "address",
      "postal_code",
    ]: Basic("2596AA"),
    [
      "address",
      "locality",
    ]: Basic("\'s-Gravenhage"),
    [
      "address",
      "country",
    ]: Basic("Nederland"),
  },
}
