---
source: tests_integration/tests/gba_pid_test.rs
description: "BSN: 999990044"
expression: attributes
---
{
  "com.example.pid": {
    [
      "family_name",
    ]: "Maassen",
    [
      "given_name",
    ]: "Margriet",
    [
      "birth_date",
    ]: "1948-01-17",
    [
      "age_over_18",
    ]: true,
    [
      "bsn",
    ]: "999990044",
  },
  "com.example.address": {
    [
      "resident_street",
    ]: "Laan van Nieuw-Oost-IndiÂº",
    [
      "resident_house_number",
    ]: "264",
    [
      "resident_postal_code",
    ]: "2252EB",
    [
      "resident_city",
    ]: "\'s-Gravenhage",
    [
      "resident_country",
    ]: "Nederland",
  },
}
