---
source: tests_integration/tests/gba_pid_test.rs
assertion_line: 194
description: "BSN: 000009878"
expression: attributes
---
{
  "com.example.pid": {
    [
      "family_name",
    ]: Basic("Derks"),
    [
      "given_name",
    ]: Basic("Hendrik"),
    [
      "birth_date",
    ]: Date("1967-04-04"),
    [
      "age_over_18",
    ]: Basic(true),
    [
      "bsn",
    ]: Basic("000009878"),
  },
  "com.example.address": {
    [
      "resident_street",
    ]: Basic("Eemhavenweg"),
    [
      "resident_house_number",
    ]: Basic("18"),
    [
      "resident_postal_code",
    ]: Basic("3089KG"),
    [
      "resident_city",
    ]: Basic("Rotterdam"),
    [
      "resident_country",
    ]: Basic("Nederland"),
  },
}
