---
source: tests_integration/tests/gba_pid_test.rs
description: "BSN: 999992569"
expression: attributes
---
{
  "urn:eudi:pid:nl:1": {
    [
      "family_name",
    ]: Basic("Krul"),
    [
      "given_name",
    ]: Basic("Jeannette"),
    [
      "birthdate",
    ]: Date("1967-02-08"),
    [
      "age_over_18",
    ]: Basic(true),
    [
      "bsn",
    ]: Basic("999992569"),
  },
  "urn:eudi:pid-address:nl:1": {
    [
      "address",
      "street_address",
    ]: Basic("Eemhavenweg"),
    [
      "address",
      "house_number",
    ]: Basic("10"),
    [
      "address",
      "postal_code",
    ]: Basic("3089KG"),
    [
      "address",
      "locality",
    ]: Basic("Rotterdam"),
    [
      "address",
      "country",
    ]: Basic("Nederland"),
  },
}
