---
source: tests_integration/tests/gba_pid_test.rs
assertion_line: 194
description: "BSN: 999990500"
expression: attributes
---
{
  "com.example.pid": {
    [
      "family_name",
    ]: Basic("Prins"),
    [
      "given_name",
    ]: Basic("Paula"),
    [
      "birth_date",
    ]: Date("1962-05-28"),
    [
      "age_over_18",
    ]: Basic(true),
    [
      "bsn",
    ]: Basic("999990500"),
  },
  "com.example.address": {
    [
      "resident_street",
    ]: Basic("Looijerstraat"),
    [
      "resident_house_number",
    ]: Basic("13"),
    [
      "resident_postal_code",
    ]: Basic("2512CK"),
    [
      "resident_city",
    ]: Basic("\'s-Gravenhage"),
    [
      "resident_country",
    ]: Basic("Nederland"),
  },
}
